Archive member included to satisfy reference by file (symbol)

../qtouch/lib/xc8\libqtm_touch_key_t814_0x0002.X.a(avr_touch_key_x_t814.o)
                              qtouch/touch.o (qtm_update_qtlib_timer)
../qtouch/lib/xc8\libqtm_acq_runtime_t814_0x0008.X.a(avr_acq_runtime_x_t814.o)
                              qtouch/touch.o (qtm_acquisition_process)
c:/program files/microchip/xc8/v2.31/avr/bin/../lib/gcc/avr/5.4.0/avrxmega3/short-calls\libgcc.a(_exit.o)
                              C:/Program Files (x86)/Atmel/Studio/7.0/Packs/Atmel/ATtiny_DFP/1.9.337/xc8/avr/lib/avrxmega3/short-calls/crtattiny814.o (exit)
c:/program files/microchip/xc8/v2.31/avr/bin/../lib/gcc/avr/5.4.0/avrxmega3/short-calls\libgcc.a(_copy_data.o)
                              qtouch/datastreamer/datastreamer_UART_avr.o (__do_copy_data)
c:/program files/microchip/xc8/v2.31/avr/bin/../lib/gcc/avr/5.4.0/../../../../avr/lib/avrxmega3/short-calls\libc.a(strncmp.o)
                              examples/src/usart_basic_example.o (strncmp)
c:/program files/microchip/xc8/v2.31/avr/bin/../lib/gcc/avr/5.4.0/../../../../avr/lib/avrxmega3/short-calls\libc.a(printf.o)
                              examples/src/usart_basic_example.o (printf)
c:/program files/microchip/xc8/v2.31/avr/bin/../lib/gcc/avr/5.4.0/../../../../avr/lib/avrxmega3/short-calls\libc.a(vfprintf_std.o)
                              c:/program files/microchip/xc8/v2.31/avr/bin/../lib/gcc/avr/5.4.0/../../../../avr/lib/avrxmega3/short-calls\libc.a(printf.o) (vfprintf)
c:/program files/microchip/xc8/v2.31/avr/bin/../lib/gcc/avr/5.4.0/../../../../avr/lib/avrxmega3/short-calls\libc.a(strnlen_P.o)
                              c:/program files/microchip/xc8/v2.31/avr/bin/../lib/gcc/avr/5.4.0/../../../../avr/lib/avrxmega3/short-calls\libc.a(vfprintf_std.o) (strnlen_P)
c:/program files/microchip/xc8/v2.31/avr/bin/../lib/gcc/avr/5.4.0/../../../../avr/lib/avrxmega3/short-calls\libc.a(strnlen.o)
                              c:/program files/microchip/xc8/v2.31/avr/bin/../lib/gcc/avr/5.4.0/../../../../avr/lib/avrxmega3/short-calls\libc.a(vfprintf_std.o) (strnlen)
c:/program files/microchip/xc8/v2.31/avr/bin/../lib/gcc/avr/5.4.0/../../../../avr/lib/avrxmega3/short-calls\libc.a(fputc.o)
                              c:/program files/microchip/xc8/v2.31/avr/bin/../lib/gcc/avr/5.4.0/../../../../avr/lib/avrxmega3/short-calls\libc.a(vfprintf_std.o) (fputc)
c:/program files/microchip/xc8/v2.31/avr/bin/../lib/gcc/avr/5.4.0/../../../../avr/lib/avrxmega3/short-calls\libc.a(iob.o)
                              c:/program files/microchip/xc8/v2.31/avr/bin/../lib/gcc/avr/5.4.0/../../../../avr/lib/avrxmega3/short-calls\libc.a(printf.o) (__iob)
c:/program files/microchip/xc8/v2.31/avr/bin/../lib/gcc/avr/5.4.0/../../../../avr/lib/avrxmega3/short-calls\libc.a(ultoa_invert.o)
                              c:/program files/microchip/xc8/v2.31/avr/bin/../lib/gcc/avr/5.4.0/../../../../avr/lib/avrxmega3/short-calls\libc.a(vfprintf_std.o) (__ultoa_invert)
c:/program files/microchip/xc8/v2.31/avr/bin/../lib/gcc/avr/5.4.0/avrxmega3/short-calls\libgcc.a(_prologue.o)
                              c:/program files/microchip/xc8/v2.31/avr/bin/../lib/gcc/avr/5.4.0/../../../../avr/lib/avrxmega3/short-calls\libc.a(printf.o) (__prologue_saves__)
c:/program files/microchip/xc8/v2.31/avr/bin/../lib/gcc/avr/5.4.0/avrxmega3/short-calls\libgcc.a(_epilogue.o)
                              c:/program files/microchip/xc8/v2.31/avr/bin/../lib/gcc/avr/5.4.0/../../../../avr/lib/avrxmega3/short-calls\libc.a(printf.o) (__epilogue_restores__)

Allocating common symbols
Common symbol       size              file

qtlib_key_grp_data_set1
                    0x6               qtouch/touch.o
qtm_acquisition_control_working_set_ptr
                    0x2               avr_acq_runtime_x_t814.o (symbol from plugin)
interrupt_cnt       0x1               qtouch/touch.o
ptc_qtlib_node_stat1
                    0xf               qtouch/touch.o
touch_acq_signals_raw
                    0x6               qtouch/touch.o
qtlib_key_data_set1
                    0x12              qtouch/touch.o
qtm_raw_data_measurements_ptr
                    0x2               avr_acq_runtime_x_t814.o (symbol from plugin)
__iob               0x6               c:/program files/microchip/xc8/v2.31/avr/bin/../lib/gcc/avr/5.4.0/../../../../avr/lib/avrxmega3/short-calls\libc.a(iob.o)

Discarded input sections

 .data          0x0000000000000000        0x0 C:/Program Files (x86)/Atmel/Studio/7.0/Packs/Atmel/ATtiny_DFP/1.9.337/xc8/avr/lib/avrxmega3/short-calls/crtattiny814.o
 .bss           0x0000000000000000        0x0 C:/Program Files (x86)/Atmel/Studio/7.0/Packs/Atmel/ATtiny_DFP/1.9.337/xc8/avr/lib/avrxmega3/short-calls/crtattiny814.o
 .text          0x0000000000000000        0x0 atmel_start.o
 .data          0x0000000000000000        0x0 atmel_start.o
 .bss           0x0000000000000000        0x0 atmel_start.o
 .text          0x0000000000000000        0x0 driver_isr.o
 .data          0x0000000000000000        0x0 driver_isr.o
 .bss           0x0000000000000000        0x0 driver_isr.o
 .text          0x0000000000000000        0x0 examples/src/touch_example.o
 .data          0x0000000000000000        0x0 examples/src/touch_example.o
 .bss           0x0000000000000000        0x0 examples/src/touch_example.o
 .text          0x0000000000000000        0x0 examples/src/usart_basic_example.o
 .data          0x0000000000000000        0x0 examples/src/usart_basic_example.o
 .bss           0x0000000000000000        0x0 examples/src/usart_basic_example.o
 .rodata        0x0000000000000000        0x9 examples/src/usart_basic_example.o
 .text.USART_test_usart_basic
                0x0000000000000000       0x6a examples/src/usart_basic_example.o
 .bss.rx        0x0000000000000000       0x10 examples/src/usart_basic_example.o
 .debug_info    0x0000000000000000      0x37e examples/src/usart_basic_example.o
 .debug_abbrev  0x0000000000000000       0xc2 examples/src/usart_basic_example.o
 .debug_loc     0x0000000000000000       0xa9 examples/src/usart_basic_example.o
 .debug_aranges
                0x0000000000000000       0x20 examples/src/usart_basic_example.o
 .debug_ranges  0x0000000000000000       0x10 examples/src/usart_basic_example.o
 .debug_line    0x0000000000000000      0x11d examples/src/usart_basic_example.o
 .debug_str     0x0000000000000000        0xb examples/src/usart_basic_example.o
 .comment       0x0000000000000000       0x30 examples/src/usart_basic_example.o
 .debug_frame   0x0000000000000000       0x48 examples/src/usart_basic_example.o
 .text          0x0000000000000000        0x0 main.o
 .data          0x0000000000000000        0x0 main.o
 .bss           0x0000000000000000        0x0 main.o
 .text          0x0000000000000000        0x0 qtouch/datastreamer/datastreamer_UART_avr.o
 .data          0x0000000000000000        0x0 qtouch/datastreamer/datastreamer_UART_avr.o
 .bss           0x0000000000000000        0x0 qtouch/datastreamer/datastreamer_UART_avr.o
 .text          0x0000000000000000        0x0 qtouch/touch.o
 .data          0x0000000000000000        0x0 qtouch/touch.o
 .bss           0x0000000000000000        0x0 qtouch/touch.o
 .text.update_sensor_node_signal
                0x0000000000000000       0x1a qtouch/touch.o
 .text.update_sensor_node_reference
                0x0000000000000000       0x18 qtouch/touch.o
 .text.update_sensor_cc_val
                0x0000000000000000       0x1a qtouch/touch.o
 .text.update_sensor_state
                0x0000000000000000       0x1e qtouch/touch.o
 .text.calibrate_node
                0x0000000000000000       0x2e qtouch/touch.o
 .text          0x0000000000000000        0x0 src/bod.o
 .data          0x0000000000000000        0x0 src/bod.o
 .bss           0x0000000000000000        0x0 src/bod.o
 .text          0x0000000000000000        0x0 src/clkctrl.o
 .data          0x0000000000000000        0x0 src/clkctrl.o
 .bss           0x0000000000000000        0x0 src/clkctrl.o
 .text          0x0000000000000000        0x0 src/cpuint.o
 .data          0x0000000000000000        0x0 src/cpuint.o
 .bss           0x0000000000000000        0x0 src/cpuint.o
 .text          0x0000000000000000        0x0 src/driver_init.o
 .data          0x0000000000000000        0x0 src/driver_init.o
 .bss           0x0000000000000000        0x0 src/driver_init.o
 .text          0x0000000000000000        0x0 src/protected_io.o
 .data          0x0000000000000000        0x0 src/protected_io.o
 .bss           0x0000000000000000        0x0 src/protected_io.o
 .text          0x0000000000000000        0x0 src/rtc.o
 .data          0x0000000000000000        0x0 src/rtc.o
 .bss           0x0000000000000000        0x0 src/rtc.o
 .text          0x0000000000000000        0x0 src/slpctrl.o
 .data          0x0000000000000000        0x0 src/slpctrl.o
 .bss           0x0000000000000000        0x0 src/slpctrl.o
 .text.SLPCTRL_set_sleep_mode
                0x0000000000000000       0x10 src/slpctrl.o
 .text          0x0000000000000000        0x0 src/usart_basic.o
 .data          0x0000000000000000        0x0 src/usart_basic.o
 .bss           0x0000000000000000        0x0 src/usart_basic.o
 .text.USART_enable
                0x0000000000000000        0xc src/usart_basic.o
 .text.USART_enable_rx
                0x0000000000000000        0xc src/usart_basic.o
 .text.USART_enable_tx
                0x0000000000000000        0xc src/usart_basic.o
 .text.USART_disable
                0x0000000000000000        0xc src/usart_basic.o
 .text.USART_get_data
                0x0000000000000000        0x6 src/usart_basic.o
 .text.USART_is_rx_ready
                0x0000000000000000        0xc src/usart_basic.o
 .text.USART_read
                0x0000000000000000        0xe src/usart_basic.o
 .text          0x0000000000000000        0x0 C:\Users\lpedroso\AppData\Local\Temp\ccDhWy9O.ltrans0.ltrans.o
 .data          0x0000000000000000        0x0 C:\Users\lpedroso\AppData\Local\Temp\ccDhWy9O.ltrans0.ltrans.o
 .bss           0x0000000000000000        0x0 C:\Users\lpedroso\AppData\Local\Temp\ccDhWy9O.ltrans0.ltrans.o
 .text          0x0000000000000000        0x0 c:/program files/microchip/xc8/v2.31/avr/bin/../lib/gcc/avr/5.4.0/avrxmega3/short-calls\libgcc.a(_exit.o)
 .data          0x0000000000000000        0x0 c:/program files/microchip/xc8/v2.31/avr/bin/../lib/gcc/avr/5.4.0/avrxmega3/short-calls\libgcc.a(_exit.o)
 .bss           0x0000000000000000        0x0 c:/program files/microchip/xc8/v2.31/avr/bin/../lib/gcc/avr/5.4.0/avrxmega3/short-calls\libgcc.a(_exit.o)
 .text.libgcc.mul
                0x0000000000000000        0x0 c:/program files/microchip/xc8/v2.31/avr/bin/../lib/gcc/avr/5.4.0/avrxmega3/short-calls\libgcc.a(_exit.o)
 .text.libgcc.div
                0x0000000000000000        0x0 c:/program files/microchip/xc8/v2.31/avr/bin/../lib/gcc/avr/5.4.0/avrxmega3/short-calls\libgcc.a(_exit.o)
 .text.libgcc   0x0000000000000000        0x0 c:/program files/microchip/xc8/v2.31/avr/bin/../lib/gcc/avr/5.4.0/avrxmega3/short-calls\libgcc.a(_exit.o)
 .text.libgcc.prologue
                0x0000000000000000        0x0 c:/program files/microchip/xc8/v2.31/avr/bin/../lib/gcc/avr/5.4.0/avrxmega3/short-calls\libgcc.a(_exit.o)
 .text.libgcc.builtins
                0x0000000000000000        0x0 c:/program files/microchip/xc8/v2.31/avr/bin/../lib/gcc/avr/5.4.0/avrxmega3/short-calls\libgcc.a(_exit.o)
 .text.libgcc.fmul
                0x0000000000000000        0x0 c:/program files/microchip/xc8/v2.31/avr/bin/../lib/gcc/avr/5.4.0/avrxmega3/short-calls\libgcc.a(_exit.o)
 .text.libgcc.fixed
                0x0000000000000000        0x0 c:/program files/microchip/xc8/v2.31/avr/bin/../lib/gcc/avr/5.4.0/avrxmega3/short-calls\libgcc.a(_exit.o)
 .text          0x0000000000000000        0x0 c:/program files/microchip/xc8/v2.31/avr/bin/../lib/gcc/avr/5.4.0/avrxmega3/short-calls\libgcc.a(_copy_data.o)
 .data          0x0000000000000000        0x0 c:/program files/microchip/xc8/v2.31/avr/bin/../lib/gcc/avr/5.4.0/avrxmega3/short-calls\libgcc.a(_copy_data.o)
 .bss           0x0000000000000000        0x0 c:/program files/microchip/xc8/v2.31/avr/bin/../lib/gcc/avr/5.4.0/avrxmega3/short-calls\libgcc.a(_copy_data.o)
 .text.libgcc.mul
                0x0000000000000000        0x0 c:/program files/microchip/xc8/v2.31/avr/bin/../lib/gcc/avr/5.4.0/avrxmega3/short-calls\libgcc.a(_copy_data.o)
 .text.libgcc.div
                0x0000000000000000        0x0 c:/program files/microchip/xc8/v2.31/avr/bin/../lib/gcc/avr/5.4.0/avrxmega3/short-calls\libgcc.a(_copy_data.o)
 .text.libgcc   0x0000000000000000        0x0 c:/program files/microchip/xc8/v2.31/avr/bin/../lib/gcc/avr/5.4.0/avrxmega3/short-calls\libgcc.a(_copy_data.o)
 .text.libgcc.prologue
                0x0000000000000000        0x0 c:/program files/microchip/xc8/v2.31/avr/bin/../lib/gcc/avr/5.4.0/avrxmega3/short-calls\libgcc.a(_copy_data.o)
 .text.libgcc.builtins
                0x0000000000000000        0x0 c:/program files/microchip/xc8/v2.31/avr/bin/../lib/gcc/avr/5.4.0/avrxmega3/short-calls\libgcc.a(_copy_data.o)
 .text.libgcc.fmul
                0x0000000000000000        0x0 c:/program files/microchip/xc8/v2.31/avr/bin/../lib/gcc/avr/5.4.0/avrxmega3/short-calls\libgcc.a(_copy_data.o)
 .text.libgcc.fixed
                0x0000000000000000        0x0 c:/program files/microchip/xc8/v2.31/avr/bin/../lib/gcc/avr/5.4.0/avrxmega3/short-calls\libgcc.a(_copy_data.o)
 .text          0x0000000000000000        0x0 c:/program files/microchip/xc8/v2.31/avr/bin/../lib/gcc/avr/5.4.0/../../../../avr/lib/avrxmega3/short-calls\libc.a(strncmp.o)
 .data          0x0000000000000000        0x0 c:/program files/microchip/xc8/v2.31/avr/bin/../lib/gcc/avr/5.4.0/../../../../avr/lib/avrxmega3/short-calls\libc.a(strncmp.o)
 .bss           0x0000000000000000        0x0 c:/program files/microchip/xc8/v2.31/avr/bin/../lib/gcc/avr/5.4.0/../../../../avr/lib/avrxmega3/short-calls\libc.a(strncmp.o)
 .text.avrlibc  0x0000000000000000       0x1c c:/program files/microchip/xc8/v2.31/avr/bin/../lib/gcc/avr/5.4.0/../../../../avr/lib/avrxmega3/short-calls\libc.a(strncmp.o)
 .text          0x0000000000000000        0x0 c:/program files/microchip/xc8/v2.31/avr/bin/../lib/gcc/avr/5.4.0/../../../../avr/lib/avrxmega3/short-calls\libc.a(printf.o)
 .data          0x0000000000000000        0x0 c:/program files/microchip/xc8/v2.31/avr/bin/../lib/gcc/avr/5.4.0/../../../../avr/lib/avrxmega3/short-calls\libc.a(printf.o)
 .bss           0x0000000000000000        0x0 c:/program files/microchip/xc8/v2.31/avr/bin/../lib/gcc/avr/5.4.0/../../../../avr/lib/avrxmega3/short-calls\libc.a(printf.o)
 .text.avrlibc  0x0000000000000000       0x26 c:/program files/microchip/xc8/v2.31/avr/bin/../lib/gcc/avr/5.4.0/../../../../avr/lib/avrxmega3/short-calls\libc.a(printf.o)
 .comment       0x0000000000000000       0x2d c:/program files/microchip/xc8/v2.31/avr/bin/../lib/gcc/avr/5.4.0/../../../../avr/lib/avrxmega3/short-calls\libc.a(printf.o)
 .text          0x0000000000000000        0x0 c:/program files/microchip/xc8/v2.31/avr/bin/../lib/gcc/avr/5.4.0/../../../../avr/lib/avrxmega3/short-calls\libc.a(vfprintf_std.o)
 .data          0x0000000000000000        0x0 c:/program files/microchip/xc8/v2.31/avr/bin/../lib/gcc/avr/5.4.0/../../../../avr/lib/avrxmega3/short-calls\libc.a(vfprintf_std.o)
 .bss           0x0000000000000000        0x0 c:/program files/microchip/xc8/v2.31/avr/bin/../lib/gcc/avr/5.4.0/../../../../avr/lib/avrxmega3/short-calls\libc.a(vfprintf_std.o)
 .text.avrlibc  0x0000000000000000      0x3a4 c:/program files/microchip/xc8/v2.31/avr/bin/../lib/gcc/avr/5.4.0/../../../../avr/lib/avrxmega3/short-calls\libc.a(vfprintf_std.o)
 .comment       0x0000000000000000       0x2d c:/program files/microchip/xc8/v2.31/avr/bin/../lib/gcc/avr/5.4.0/../../../../avr/lib/avrxmega3/short-calls\libc.a(vfprintf_std.o)
 .text          0x0000000000000000        0x0 c:/program files/microchip/xc8/v2.31/avr/bin/../lib/gcc/avr/5.4.0/../../../../avr/lib/avrxmega3/short-calls\libc.a(strnlen_P.o)
 .data          0x0000000000000000        0x0 c:/program files/microchip/xc8/v2.31/avr/bin/../lib/gcc/avr/5.4.0/../../../../avr/lib/avrxmega3/short-calls\libc.a(strnlen_P.o)
 .bss           0x0000000000000000        0x0 c:/program files/microchip/xc8/v2.31/avr/bin/../lib/gcc/avr/5.4.0/../../../../avr/lib/avrxmega3/short-calls\libc.a(strnlen_P.o)
 .text.avrlibc  0x0000000000000000       0x16 c:/program files/microchip/xc8/v2.31/avr/bin/../lib/gcc/avr/5.4.0/../../../../avr/lib/avrxmega3/short-calls\libc.a(strnlen_P.o)
 .text          0x0000000000000000        0x0 c:/program files/microchip/xc8/v2.31/avr/bin/../lib/gcc/avr/5.4.0/../../../../avr/lib/avrxmega3/short-calls\libc.a(strnlen.o)
 .data          0x0000000000000000        0x0 c:/program files/microchip/xc8/v2.31/avr/bin/../lib/gcc/avr/5.4.0/../../../../avr/lib/avrxmega3/short-calls\libc.a(strnlen.o)
 .bss           0x0000000000000000        0x0 c:/program files/microchip/xc8/v2.31/avr/bin/../lib/gcc/avr/5.4.0/../../../../avr/lib/avrxmega3/short-calls\libc.a(strnlen.o)
 .text.avrlibc  0x0000000000000000       0x16 c:/program files/microchip/xc8/v2.31/avr/bin/../lib/gcc/avr/5.4.0/../../../../avr/lib/avrxmega3/short-calls\libc.a(strnlen.o)
 .text          0x0000000000000000        0x0 c:/program files/microchip/xc8/v2.31/avr/bin/../lib/gcc/avr/5.4.0/../../../../avr/lib/avrxmega3/short-calls\libc.a(fputc.o)
 .data          0x0000000000000000        0x0 c:/program files/microchip/xc8/v2.31/avr/bin/../lib/gcc/avr/5.4.0/../../../../avr/lib/avrxmega3/short-calls\libc.a(fputc.o)
 .bss           0x0000000000000000        0x0 c:/program files/microchip/xc8/v2.31/avr/bin/../lib/gcc/avr/5.4.0/../../../../avr/lib/avrxmega3/short-calls\libc.a(fputc.o)
 .text.avrlibc  0x0000000000000000       0x78 c:/program files/microchip/xc8/v2.31/avr/bin/../lib/gcc/avr/5.4.0/../../../../avr/lib/avrxmega3/short-calls\libc.a(fputc.o)
 .comment       0x0000000000000000       0x2d c:/program files/microchip/xc8/v2.31/avr/bin/../lib/gcc/avr/5.4.0/../../../../avr/lib/avrxmega3/short-calls\libc.a(fputc.o)
 .text          0x0000000000000000        0x0 c:/program files/microchip/xc8/v2.31/avr/bin/../lib/gcc/avr/5.4.0/../../../../avr/lib/avrxmega3/short-calls\libc.a(iob.o)
 .data          0x0000000000000000        0x0 c:/program files/microchip/xc8/v2.31/avr/bin/../lib/gcc/avr/5.4.0/../../../../avr/lib/avrxmega3/short-calls\libc.a(iob.o)
 .bss           0x0000000000000000        0x0 c:/program files/microchip/xc8/v2.31/avr/bin/../lib/gcc/avr/5.4.0/../../../../avr/lib/avrxmega3/short-calls\libc.a(iob.o)
 .comment       0x0000000000000000       0x2d c:/program files/microchip/xc8/v2.31/avr/bin/../lib/gcc/avr/5.4.0/../../../../avr/lib/avrxmega3/short-calls\libc.a(iob.o)
 COMMON         0x0000000000000000        0x6 c:/program files/microchip/xc8/v2.31/avr/bin/../lib/gcc/avr/5.4.0/../../../../avr/lib/avrxmega3/short-calls\libc.a(iob.o)
 .text          0x0000000000000000        0x0 c:/program files/microchip/xc8/v2.31/avr/bin/../lib/gcc/avr/5.4.0/../../../../avr/lib/avrxmega3/short-calls\libc.a(ultoa_invert.o)
 .data          0x0000000000000000        0x0 c:/program files/microchip/xc8/v2.31/avr/bin/../lib/gcc/avr/5.4.0/../../../../avr/lib/avrxmega3/short-calls\libc.a(ultoa_invert.o)
 .bss           0x0000000000000000        0x0 c:/program files/microchip/xc8/v2.31/avr/bin/../lib/gcc/avr/5.4.0/../../../../avr/lib/avrxmega3/short-calls\libc.a(ultoa_invert.o)
 .text.avrlibc  0x0000000000000000       0xbc c:/program files/microchip/xc8/v2.31/avr/bin/../lib/gcc/avr/5.4.0/../../../../avr/lib/avrxmega3/short-calls\libc.a(ultoa_invert.o)
 .text          0x0000000000000000        0x0 c:/program files/microchip/xc8/v2.31/avr/bin/../lib/gcc/avr/5.4.0/avrxmega3/short-calls\libgcc.a(_prologue.o)
 .data          0x0000000000000000        0x0 c:/program files/microchip/xc8/v2.31/avr/bin/../lib/gcc/avr/5.4.0/avrxmega3/short-calls\libgcc.a(_prologue.o)
 .bss           0x0000000000000000        0x0 c:/program files/microchip/xc8/v2.31/avr/bin/../lib/gcc/avr/5.4.0/avrxmega3/short-calls\libgcc.a(_prologue.o)
 .text.libgcc.mul
                0x0000000000000000        0x0 c:/program files/microchip/xc8/v2.31/avr/bin/../lib/gcc/avr/5.4.0/avrxmega3/short-calls\libgcc.a(_prologue.o)
 .text.libgcc.div
                0x0000000000000000        0x0 c:/program files/microchip/xc8/v2.31/avr/bin/../lib/gcc/avr/5.4.0/avrxmega3/short-calls\libgcc.a(_prologue.o)
 .text.libgcc   0x0000000000000000        0x0 c:/program files/microchip/xc8/v2.31/avr/bin/../lib/gcc/avr/5.4.0/avrxmega3/short-calls\libgcc.a(_prologue.o)
 .text.libgcc.builtins
                0x0000000000000000        0x0 c:/program files/microchip/xc8/v2.31/avr/bin/../lib/gcc/avr/5.4.0/avrxmega3/short-calls\libgcc.a(_prologue.o)
 .text.libgcc.fmul
                0x0000000000000000        0x0 c:/program files/microchip/xc8/v2.31/avr/bin/../lib/gcc/avr/5.4.0/avrxmega3/short-calls\libgcc.a(_prologue.o)
 .text.libgcc.fixed
                0x0000000000000000        0x0 c:/program files/microchip/xc8/v2.31/avr/bin/../lib/gcc/avr/5.4.0/avrxmega3/short-calls\libgcc.a(_prologue.o)
 .text          0x0000000000000000        0x0 c:/program files/microchip/xc8/v2.31/avr/bin/../lib/gcc/avr/5.4.0/avrxmega3/short-calls\libgcc.a(_epilogue.o)
 .data          0x0000000000000000        0x0 c:/program files/microchip/xc8/v2.31/avr/bin/../lib/gcc/avr/5.4.0/avrxmega3/short-calls\libgcc.a(_epilogue.o)
 .bss           0x0000000000000000        0x0 c:/program files/microchip/xc8/v2.31/avr/bin/../lib/gcc/avr/5.4.0/avrxmega3/short-calls\libgcc.a(_epilogue.o)
 .text.libgcc.mul
                0x0000000000000000        0x0 c:/program files/microchip/xc8/v2.31/avr/bin/../lib/gcc/avr/5.4.0/avrxmega3/short-calls\libgcc.a(_epilogue.o)
 .text.libgcc.div
                0x0000000000000000        0x0 c:/program files/microchip/xc8/v2.31/avr/bin/../lib/gcc/avr/5.4.0/avrxmega3/short-calls\libgcc.a(_epilogue.o)
 .text.libgcc   0x0000000000000000        0x0 c:/program files/microchip/xc8/v2.31/avr/bin/../lib/gcc/avr/5.4.0/avrxmega3/short-calls\libgcc.a(_epilogue.o)
 .text.libgcc.builtins
                0x0000000000000000        0x0 c:/program files/microchip/xc8/v2.31/avr/bin/../lib/gcc/avr/5.4.0/avrxmega3/short-calls\libgcc.a(_epilogue.o)
 .text.libgcc.fmul
                0x0000000000000000        0x0 c:/program files/microchip/xc8/v2.31/avr/bin/../lib/gcc/avr/5.4.0/avrxmega3/short-calls\libgcc.a(_epilogue.o)
 .text.libgcc.fixed
                0x0000000000000000        0x0 c:/program files/microchip/xc8/v2.31/avr/bin/../lib/gcc/avr/5.4.0/avrxmega3/short-calls\libgcc.a(_epilogue.o)

Memory Configuration

Name             Origin             Length             Attributes
text             0x0000000000000000 0x0000000000002000 xr
data             0x0000000000803e00 0x0000000000000200 rw !x
eeprom           0x0000000000810000 0x0000000000000080 rw !x
fuse             0x0000000000820000 0x000000000000000a rw !x
lock             0x0000000000830000 0x0000000000000400 rw !x
signature        0x0000000000840000 0x0000000000000400 rw !x
user_signatures  0x0000000000850000 0x0000000000000400 rw !x
*default*        0x0000000000000000 0xffffffffffffffff

Linker script and memory map

Address of section .data set to 0x803e00
                0x0000000000008000                __RODATA_PM_OFFSET__ = 0x8000
LOAD C:/Program Files (x86)/Atmel/Studio/7.0/Packs/Atmel/ATtiny_DFP/1.9.337/xc8/avr/lib/avrxmega3/short-calls/crtattiny814.o
LOAD atmel_start.o
LOAD driver_isr.o
LOAD examples/src/touch_example.o
LOAD examples/src/usart_basic_example.o
LOAD main.o
LOAD qtouch/datastreamer/datastreamer_UART_avr.o
LOAD qtouch/touch.o
LOAD src/bod.o
LOAD src/clkctrl.o
LOAD src/cpuint.o
LOAD src/driver_init.o
LOAD src/protected_io.o
LOAD src/rtc.o
LOAD src/slpctrl.o
LOAD src/usart_basic.o
LOAD C:\Users\lpedroso\AppData\Local\Temp\ccDhWy9O.ltrans0.ltrans.o
START GROUP
LOAD ../qtouch/lib/xc8\libqtm_touch_key_t814_0x0002.X.a
LOAD ../qtouch/lib/xc8\libqtm_acq_runtime_t814_0x0008.X.a
LOAD c:/program files/microchip/xc8/v2.31/avr/bin/../lib/gcc/avr/5.4.0/../../../../avr/lib/avrxmega3/short-calls\libm.a
END GROUP
START GROUP
LOAD c:/program files/microchip/xc8/v2.31/avr/bin/../lib/gcc/avr/5.4.0/avrxmega3/short-calls\libgcc.a
LOAD c:/program files/microchip/xc8/v2.31/avr/bin/../lib/gcc/avr/5.4.0/../../../../avr/lib/avrxmega3/short-calls\libm.a
LOAD c:/program files/microchip/xc8/v2.31/avr/bin/../lib/gcc/avr/5.4.0/../../../../avr/lib/avrxmega3/short-calls\libc.a
LOAD C:/Program Files (x86)/Atmel/Studio/7.0/Packs/Atmel/ATtiny_DFP/1.9.337/xc8/avr/lib/avrxmega3/short-calls\libattiny814.a
END GROUP
                [0x0000000000000000]                __TEXT_REGION_ORIGIN__ = DEFINED (__TEXT_REGION_ORIGIN__)?__TEXT_REGION_ORIGIN__:0x0
                [0x0000000000803e00]                __DATA_REGION_ORIGIN__ = DEFINED (__DATA_REGION_ORIGIN__)?__DATA_REGION_ORIGIN__:0x802000
                [0x0000000000002000]                __TEXT_REGION_LENGTH__ = DEFINED (__TEXT_REGION_LENGTH__)?__TEXT_REGION_LENGTH__:0x100000
                [0x0000000000000200]                __DATA_REGION_LENGTH__ = DEFINED (__DATA_REGION_LENGTH__)?__DATA_REGION_LENGTH__:0xffa0
                [0x0000000000000080]                __EEPROM_REGION_LENGTH__ = DEFINED (__EEPROM_REGION_LENGTH__)?__EEPROM_REGION_LENGTH__:0x10000
                [0x000000000000000a]                __FUSE_REGION_LENGTH__ = DEFINED (__FUSE_REGION_LENGTH__)?__FUSE_REGION_LENGTH__:0x400
                0x0000000000000400                __LOCK_REGION_LENGTH__ = DEFINED (__LOCK_REGION_LENGTH__)?__LOCK_REGION_LENGTH__:0x400
                0x0000000000000400                __SIGNATURE_REGION_LENGTH__ = DEFINED (__SIGNATURE_REGION_LENGTH__)?__SIGNATURE_REGION_LENGTH__:0x400
                0x0000000000000400                __USER_SIGNATURE_REGION_LENGTH__ = DEFINED (__USER_SIGNATURE_REGION_LENGTH__)?__USER_SIGNATURE_REGION_LENGTH__:0x400
                0x0000000000008000                __RODATA_PM_OFFSET__ = DEFINED (__RODATA_PM_OFFSET__)?__RODATA_PM_OFFSET__:0x8000

.hash
 *(.hash)

.dynsym
 *(.dynsym)

.dynstr
 *(.dynstr)

.gnu.version
 *(.gnu.version)

.gnu.version_d
 *(.gnu.version_d)

.gnu.version_r
 *(.gnu.version_r)

.rel.init
 *(.rel.init)

.rela.init
 *(.rela.init)

.rel.text
 *(.rel.text)
 *(.rel.text.*)
 *(.rel.gnu.linkonce.t*)

.rela.text
 *(.rela.text)
 *(.rela.text.*)
 *(.rela.gnu.linkonce.t*)

.rel.fini
 *(.rel.fini)

.rela.fini
 *(.rela.fini)

.rel.rodata
 *(.rel.rodata)
 *(.rel.rodata.*)
 *(.rel.gnu.linkonce.r*)

.rela.rodata
 *(.rela.rodata)
 *(.rela.rodata.*)
 *(.rela.gnu.linkonce.r*)

.rel.data
 *(.rel.data)
 *(.rel.data.*)
 *(.rel.gnu.linkonce.d*)

.rela.data
 *(.rela.data)
 *(.rela.data.*)
 *(.rela.gnu.linkonce.d*)

.rel.ctors
 *(.rel.ctors)

.rela.ctors
 *(.rela.ctors)

.rel.dtors
 *(.rel.dtors)

.rela.dtors
 *(.rela.dtors)

.rel.got
 *(.rel.got)

.rela.got
 *(.rela.got)

.rel.bss
 *(.rel.bss)

.rela.bss
 *(.rela.bss)

.rel.plt
 *(.rel.plt)

.rela.plt
 *(.rela.plt)

.text           0x0000000000000000       0x96
 *(.vectors)
 .vectors       0x0000000000000000       0x34 C:/Program Files (x86)/Atmel/Studio/7.0/Packs/Atmel/ATtiny_DFP/1.9.337/xc8/avr/lib/avrxmega3/short-calls/crtattiny814.o
                0x0000000000000000                __vector_default
                0x0000000000000000                __vectors
 *(.vectors)
 *(.progmem.gcc*)
 *(.dinit)
 .dinit         0x0000000000000034       0x11 data_init
                0x0000000000000046                . = ALIGN (0x2)
 *fill*         0x0000000000000045        0x1 
                0x0000000000000046                __trampolines_start = .
 *(.trampolines)
 .trampolines   0x0000000000000046        0x0 linker stubs
 *(.trampolines*)
                0x0000000000000046                __trampolines_end = .
 *libprintf_flt.a:*(.progmem.data)
 *libc.a:*(.progmem.data)
                0x0000000000000046                . = ALIGN (0x2)
 *(.jumptables)
 *(.jumptables*)
 *(.lowtext)
 *(.lowtext*)
                0x0000000000000046                __ctors_start = .
 *(.ctors)
                0x0000000000000046                __ctors_end = .
                0x0000000000000046                __dtors_start = .
 *(.dtors)
                0x0000000000000046                __dtors_end = .
 SORT(*)(.ctors)
 SORT(*)(.dtors)
 *(.init0)
 .init0         0x0000000000000046        0x0 C:/Program Files (x86)/Atmel/Studio/7.0/Packs/Atmel/ATtiny_DFP/1.9.337/xc8/avr/lib/avrxmega3/short-calls/crtattiny814.o
                0x0000000000000046                __init
 *(.init0)
 *(.init1)
 *(.init1)
 *(.init2)
 .init2         0x0000000000000046        0xc C:/Program Files (x86)/Atmel/Studio/7.0/Packs/Atmel/ATtiny_DFP/1.9.337/xc8/avr/lib/avrxmega3/short-calls/crtattiny814.o
 *(.init2)
 *(.init3)
 *(.init3)
 *(.init4)
 .init4         0x0000000000000052       0x3c c:/program files/microchip/xc8/v2.31/avr/bin/../lib/gcc/avr/5.4.0/avrxmega3/short-calls\libgcc.a(_copy_data.o)
                0x0000000000000052                __do_copy_data
                0x0000000000000080                __do_clear_bss
 *(.init4)
 *(.init5)
 *(.init5)
 *(.init6)
 *(.init6)
 *(.init7)
 *(.init7)
 *(.init8)
 *(.init8)
 *(.init9)
 .init9         0x000000000000008e        0x4 C:/Program Files (x86)/Atmel/Studio/7.0/Packs/Atmel/ATtiny_DFP/1.9.337/xc8/avr/lib/avrxmega3/short-calls/crtattiny814.o
 *(.init9)
                0x0000000000000092                . = ALIGN (0x2)
 *(.fini9)
 .fini9         0x0000000000000092        0x0 c:/program files/microchip/xc8/v2.31/avr/bin/../lib/gcc/avr/5.4.0/avrxmega3/short-calls\libgcc.a(_exit.o)
                0x0000000000000092                _exit
                0x0000000000000092                exit
 *(.fini9)
 *(.fini8)
 *(.fini8)
 *(.fini7)
 *(.fini7)
 *(.fini6)
 *(.fini6)
 *(.fini5)
 *(.fini5)
 *(.fini4)
 *(.fini4)
 *(.fini3)
 *(.fini3)
 *(.fini2)
 *(.fini2)
 *(.fini1)
 *(.fini1)
 *(.fini0)
 .fini0         0x0000000000000092        0x4 c:/program files/microchip/xc8/v2.31/avr/bin/../lib/gcc/avr/5.4.0/avrxmega3/short-calls\libgcc.a(_exit.o)
 *(.fini0)
                0x0000000000000096                _etext = .

.data           0x0000000000803e00        0x0 load address 0x0000000000000096
                [!provide]                        PROVIDE (__data_start, .)
 *(.gnu.linkonce.d*)
                0x0000000000803e00                . = ALIGN (0x2)
                0x0000000000803e00                _edata = .
                [!provide]                        PROVIDE (__data_end, .)

.bss            0x0000000000803e00       0x2e
                [!provide]                        PROVIDE (__bss_start, .)
 *(COMMON)
 COMMON         0x0000000000803e00       0x2e qtouch/touch.o
                0x0000000000803e00                qtlib_key_grp_data_set1
                0x0000000000803e06                interrupt_cnt
                0x0000000000803e07                ptc_qtlib_node_stat1
                0x0000000000803e16                touch_acq_signals_raw
                0x0000000000803e1c                qtlib_key_data_set1
                [!provide]                        PROVIDE (__bss_end, .)
                0x0000000000000096                __data_load_start = LOADADDR (.data)
                0x0000000000000096                __data_load_end = (__data_load_start + SIZEOF (.data))

.noinit         0x0000000000803e2e        0x0
                [!provide]                        PROVIDE (__noinit_start, .)
 *(.noinit*)
                [!provide]                        PROVIDE (__noinit_end, .)
                0x0000000000803e2e                _end = .

.eeprom         0x0000000000810000        0x0
 *(.eeprom*)
                0x0000000000810000                __eeprom_end = .

.fuse
 *(.fuse)
 *(.lfuse)
 *(.hfuse)
 *(.efuse)

.lock
 *(.lock*)

.signature
 *(.signature*)

.user_signatures
 *(.user_signatures*)

.stab
 *(.stab)

.stabstr
 *(.stabstr)

.stab.excl
 *(.stab.excl)

.stab.exclstr
 *(.stab.exclstr)

.stab.index
 *(.stab.index)

.stab.indexstr
 *(.stab.indexstr)

.comment        0x0000000000000000       0x2f
 *(.comment)
 .comment       0x0000000000000000       0x2f atmel_start.o
                                         0x30 (size before relaxing)
 .comment       0x000000000000002f       0x30 driver_isr.o
 .comment       0x000000000000002f       0x30 examples/src/touch_example.o
 .comment       0x000000000000002f       0x30 main.o
 .comment       0x000000000000002f       0x30 qtouch/datastreamer/datastreamer_UART_avr.o
 .comment       0x000000000000002f       0x30 qtouch/touch.o
 .comment       0x000000000000002f       0x30 src/bod.o
 .comment       0x000000000000002f       0x30 src/clkctrl.o
 .comment       0x000000000000002f       0x30 src/cpuint.o
 .comment       0x000000000000002f       0x30 src/driver_init.o
 .comment       0x000000000000002f       0x30 src/rtc.o
 .comment       0x000000000000002f       0x30 src/slpctrl.o
 .comment       0x000000000000002f       0x30 src/usart_basic.o
 .comment       0x000000000000002f       0x30 C:\Users\lpedroso\AppData\Local\Temp\ccDhWy9O.ltrans0.ltrans.o

.note.gnu.build-id
 *(.note.gnu.build-id)

.debug
 *(.debug)

.line
 *(.line)

.debug_srcinfo
 *(.debug_srcinfo)

.debug_sfnames
 *(.debug_sfnames)

.debug_aranges  0x0000000000000000      0x2c8
 *(.debug_aranges)
 .debug_aranges
                0x0000000000000000       0x20 atmel_start.o
 .debug_aranges
                0x0000000000000020       0x20 driver_isr.o
 .debug_aranges
                0x0000000000000040       0x28 examples/src/touch_example.o
 .debug_aranges
                0x0000000000000068       0x20 main.o
 .debug_aranges
                0x0000000000000088       0x30 qtouch/datastreamer/datastreamer_UART_avr.o
 .debug_aranges
                0x00000000000000b8       0xa8 qtouch/touch.o
 .debug_aranges
                0x0000000000000160       0x20 src/bod.o
 .debug_aranges
                0x0000000000000180       0x20 src/clkctrl.o
 .debug_aranges
                0x00000000000001a0       0x20 src/cpuint.o
 .debug_aranges
                0x00000000000001c0       0x30 src/driver_init.o
 .debug_aranges
                0x00000000000001f0       0x20 src/protected_io.o
 .debug_aranges
                0x0000000000000210       0x20 src/rtc.o
 .debug_aranges
                0x0000000000000230       0x28 src/slpctrl.o
 .debug_aranges
                0x0000000000000258       0x70 src/usart_basic.o

.debug_pubnames
 *(.debug_pubnames)

.debug_info     0x0000000000000000     0x7772
 *(.debug_info .gnu.linkonce.wi.*)
 .debug_info    0x0000000000000000     0x1566 C:/Program Files (x86)/Atmel/Studio/7.0/Packs/Atmel/ATtiny_DFP/1.9.337/xc8/avr/lib/avrxmega3/short-calls/crtattiny814.o
 .debug_info    0x0000000000001566      0x2c3 atmel_start.o
 .debug_info    0x0000000000001829      0x587 driver_isr.o
 .debug_info    0x0000000000001db0      0x6d1 examples/src/touch_example.o
 .debug_info    0x0000000000002481      0x2d6 main.o
 .debug_info    0x0000000000002757      0x686 qtouch/datastreamer/datastreamer_UART_avr.o
 .debug_info    0x0000000000002ddd     0x1f6f qtouch/touch.o
 .debug_info    0x0000000000004d4c      0x295 src/bod.o
 .debug_info    0x0000000000004fe1      0x61c src/clkctrl.o
 .debug_info    0x00000000000055fd      0x29b src/cpuint.o
 .debug_info    0x0000000000005898      0xca4 src/driver_init.o
 .debug_info    0x000000000000653c       0x8f src/protected_io.o
 .debug_info    0x00000000000065cb      0x736 src/rtc.o
 .debug_info    0x0000000000006d01      0x3eb src/slpctrl.o
 .debug_info    0x00000000000070ec      0x686 src/usart_basic.o

.debug_abbrev   0x0000000000000000     0x2220
 *(.debug_abbrev)
 .debug_abbrev  0x0000000000000000     0x143e C:/Program Files (x86)/Atmel/Studio/7.0/Packs/Atmel/ATtiny_DFP/1.9.337/xc8/avr/lib/avrxmega3/short-calls/crtattiny814.o
 .debug_abbrev  0x000000000000143e       0x58 atmel_start.o
 .debug_abbrev  0x0000000000001496       0xe0 driver_isr.o
 .debug_abbrev  0x0000000000001576      0x18e examples/src/touch_example.o
 .debug_abbrev  0x0000000000001704       0x80 main.o
 .debug_abbrev  0x0000000000001784      0x125 qtouch/datastreamer/datastreamer_UART_avr.o
 .debug_abbrev  0x00000000000018a9      0x332 qtouch/touch.o
 .debug_abbrev  0x0000000000001bdb       0x46 src/bod.o
 .debug_abbrev  0x0000000000001c21      0x10c src/clkctrl.o
 .debug_abbrev  0x0000000000001d2d       0x46 src/cpuint.o
 .debug_abbrev  0x0000000000001d73      0x1b8 src/driver_init.o
 .debug_abbrev  0x0000000000001f2b       0x14 src/protected_io.o
 .debug_abbrev  0x0000000000001f3f       0xdb src/rtc.o
 .debug_abbrev  0x000000000000201a       0xcb src/slpctrl.o
 .debug_abbrev  0x00000000000020e5      0x13b src/usart_basic.o

.debug_line     0x0000000000000000     0x149f
 *(.debug_line .debug_line.* .debug_line_end)
 .debug_line    0x0000000000000000      0x136 C:/Program Files (x86)/Atmel/Studio/7.0/Packs/Atmel/ATtiny_DFP/1.9.337/xc8/avr/lib/avrxmega3/short-calls/crtattiny814.o
 .debug_line    0x0000000000000136       0x8b atmel_start.o
 .debug_line    0x00000000000001c1      0x11f driver_isr.o
 .debug_line    0x00000000000002e0      0x1f0 examples/src/touch_example.o
 .debug_line    0x00000000000004d0       0x5b main.o
 .debug_line    0x000000000000052b      0x221 qtouch/datastreamer/datastreamer_UART_avr.o
 .debug_line    0x000000000000074c      0x45b qtouch/touch.o
 .debug_line    0x0000000000000ba7       0x81 src/bod.o
 .debug_line    0x0000000000000c28      0x11d src/clkctrl.o
 .debug_line    0x0000000000000d45       0x8a src/cpuint.o
 .debug_line    0x0000000000000dcf      0x264 src/driver_init.o
 .debug_line    0x0000000000001033       0x55 src/protected_io.o
 .debug_line    0x0000000000001088       0xff src/rtc.o
 .debug_line    0x0000000000001187      0x103 src/slpctrl.o
 .debug_line    0x000000000000128a      0x215 src/usart_basic.o

.debug_frame    0x0000000000000000      0x4b0
 *(.debug_frame)
 .debug_frame   0x0000000000000000       0x24 atmel_start.o
 .debug_frame   0x0000000000000024       0x6c driver_isr.o
 .debug_frame   0x0000000000000090       0x34 examples/src/touch_example.o
 .debug_frame   0x00000000000000c4       0x24 main.o
 .debug_frame   0x00000000000000e8       0x68 qtouch/datastreamer/datastreamer_UART_avr.o
 .debug_frame   0x0000000000000150      0x194 qtouch/touch.o
 .debug_frame   0x00000000000002e4       0x24 src/bod.o
 .debug_frame   0x0000000000000308       0x24 src/clkctrl.o
 .debug_frame   0x000000000000032c       0x24 src/cpuint.o
 .debug_frame   0x0000000000000350       0x44 src/driver_init.o
 .debug_frame   0x0000000000000394       0x24 src/rtc.o
 .debug_frame   0x00000000000003b8       0x34 src/slpctrl.o
 .debug_frame   0x00000000000003ec       0xc4 src/usart_basic.o

.debug_str      0x0000000000000000      0xbf3
 *(.debug_str)
 .debug_str     0x0000000000000000      0x921 C:/Program Files (x86)/Atmel/Studio/7.0/Packs/Atmel/ATtiny_DFP/1.9.337/xc8/avr/lib/avrxmega3/short-calls/crtattiny814.o
 .debug_str     0x0000000000000921       0x17 atmel_start.o
 .debug_str     0x0000000000000938       0x14 driver_isr.o
 .debug_str     0x000000000000094c       0x25 examples/src/touch_example.o
 .debug_str     0x0000000000000971       0x1f main.o
 .debug_str     0x0000000000000990       0x83 qtouch/datastreamer/datastreamer_UART_avr.o
 .debug_str     0x0000000000000a13      0x16f qtouch/touch.o
 .debug_str     0x0000000000000b82        0x0 src/bod.o
 .debug_str     0x0000000000000b82       0x13 src/clkctrl.o
 .debug_str     0x0000000000000b95        0x0 src/cpuint.o
 .debug_str     0x0000000000000b95       0x5e src/driver_init.o
 .debug_str     0x0000000000000bf3        0x0 src/rtc.o
 .debug_str     0x0000000000000bf3        0x0 src/slpctrl.o
 .debug_str     0x0000000000000bf3        0x0 src/usart_basic.o

.debug_loc      0x0000000000000000      0x9ff
 *(.debug_loc)
 .debug_loc     0x0000000000000000       0xcb driver_isr.o
 .debug_loc     0x00000000000000cb      0x104 examples/src/touch_example.o
 .debug_loc     0x00000000000001cf      0x174 qtouch/datastreamer/datastreamer_UART_avr.o
 .debug_loc     0x0000000000000343      0x46f qtouch/touch.o
 .debug_loc     0x00000000000007b2       0x29 src/clkctrl.o
 .debug_loc     0x00000000000007db      0x203 src/driver_init.o
 .debug_loc     0x00000000000009de       0x21 src/slpctrl.o

.debug_macinfo
 *(.debug_macinfo)

.debug_weaknames
 *(.debug_weaknames)

.debug_funcnames
 *(.debug_funcnames)

.debug_typenames
 *(.debug_typenames)

.debug_varnames
 *(.debug_varnames)

.debug_pubtypes
 *(.debug_pubtypes)

.debug_ranges   0x0000000000000000      0x1d8
 *(.debug_ranges)
 .debug_ranges  0x0000000000000000       0x10 atmel_start.o
 .debug_ranges  0x0000000000000010       0x10 driver_isr.o
 .debug_ranges  0x0000000000000020       0x18 examples/src/touch_example.o
 .debug_ranges  0x0000000000000038       0x10 main.o
 .debug_ranges  0x0000000000000048       0x20 qtouch/datastreamer/datastreamer_UART_avr.o
 .debug_ranges  0x0000000000000068       0x98 qtouch/touch.o
 .debug_ranges  0x0000000000000100       0x10 src/bod.o
 .debug_ranges  0x0000000000000110       0x10 src/clkctrl.o
 .debug_ranges  0x0000000000000120       0x10 src/cpuint.o
 .debug_ranges  0x0000000000000130       0x20 src/driver_init.o
 .debug_ranges  0x0000000000000150       0x10 src/rtc.o
 .debug_ranges  0x0000000000000160       0x18 src/slpctrl.o
 .debug_ranges  0x0000000000000178       0x60 src/usart_basic.o

.debug_macro
 *(.debug_macro)
OUTPUT(TouchWallSwitch.elf elf32-avr)
LOAD linker stubs
LOAD data_init

.note.gnu.avr.deviceinfo
                0x0000000000000000       0x3c
 .note.gnu.avr.deviceinfo
                0x0000000000000000       0x3c C:/Program Files (x86)/Atmel/Studio/7.0/Packs/Atmel/ATtiny_DFP/1.9.337/xc8/avr/lib/avrxmega3/short-calls/crtattiny814.o

.bss.key_status
                0x0000000000803e83        0x1
 .bss.key_status
                0x0000000000803e83        0x1 examples/src/touch_example.o
                0x0000000000803e83                key_status

.bss.sequence.3892
                0x0000000000803e84        0x1
 .bss.sequence.3892
                0x0000000000803e84        0x1 qtouch/datastreamer/datastreamer_UART_avr.o

.bss.module_error_code
                0x0000000000803e85        0x1
 .bss.module_error_code
                0x0000000000803e85        0x1 qtouch/touch.o
                0x0000000000803e85                module_error_code

.bss.measurement_done_touch
                0x0000000000803e86        0x1
 .bss.measurement_done_touch
                0x0000000000803e86        0x1 qtouch/touch.o
                0x0000000000803e86                measurement_done_touch

.bss.touch_postprocess_request
                0x0000000000803e87        0x1
 .bss.touch_postprocess_request
                0x0000000000803e87        0x1 qtouch/touch.o
                0x0000000000803e87                touch_postprocess_request

.bss.time_to_measure_touch_flag
                0x0000000000803e88        0x1
 .bss.time_to_measure_touch_flag
                0x0000000000803e88        0x1 qtouch/touch.o
                0x0000000000803e88                time_to_measure_touch_flag

.bss.qtm_local_ms_timecount
                0x0000000000803e79        0x2
 .bss.qtm_local_ms_timecount
                0x0000000000803e79        0x2 C:\Users\lpedroso\AppData\Local\Temp\ccDhWy9O.ltrans0.ltrans.o

.bss.qtm_acquisition_control_working_set_ptr
                0x0000000000803e7b        0x2
 .bss.qtm_acquisition_control_working_set_ptr
                0x0000000000803e7b        0x2 C:\Users\lpedroso\AppData\Local\Temp\ccDhWy9O.ltrans0.ltrans.o

.bss.ptc_seq_measure_complete_pointer
                0x0000000000803e7d        0x2
 .bss.ptc_seq_measure_complete_pointer
                0x0000000000803e7d        0x2 C:\Users\lpedroso\AppData\Local\Temp\ccDhWy9O.ltrans0.ltrans.o

.bss.touch_seq_lib_state
                0x0000000000803e89        0x1
 .bss.touch_seq_lib_state
                0x0000000000803e89        0x1 C:\Users\lpedroso\AppData\Local\Temp\ccDhWy9O.ltrans0.ltrans.o

.bss.current_measure_channel
                0x0000000000803e7f        0x2
 .bss.current_measure_channel
                0x0000000000803e7f        0x2 C:\Users\lpedroso\AppData\Local\Temp\ccDhWy9O.ltrans0.ltrans.o

.bss.qtm_raw_data_measurements_ptr
                0x0000000000803e81        0x2
 .bss.qtm_raw_data_measurements_ptr
                0x0000000000803e81        0x2 C:\Users\lpedroso\AppData\Local\Temp\ccDhWy9O.ltrans0.ltrans.o

.text.qtm_key_sensors_process
                0x0000000000000096      0x824
 .text.qtm_key_sensors_process
                0x0000000000000096      0x824 C:\Users\lpedroso\AppData\Local\Temp\ccDhWy9O.ltrans0.ltrans.o
                0x0000000000000096                qtm_key_sensors_process

.text.qtm_acquisition_process
                0x00000000000008ba      0x2f6
 .text.qtm_acquisition_process
                0x00000000000008ba      0x2f6 C:\Users\lpedroso\AppData\Local\Temp\ccDhWy9O.ltrans0.ltrans.o
                0x00000000000008ba                qtm_acquisition_process

.text.qtm_measure_node
                0x0000000000000bb0      0x10a
 .text.qtm_measure_node
                0x0000000000000bb0      0x10a C:\Users\lpedroso\AppData\Local\Temp\ccDhWy9O.ltrans0.ltrans.o

.text.datastreamer_output
                0x0000000000000cba       0xec
 .text.datastreamer_output
                0x0000000000000cba       0xec qtouch/datastreamer/datastreamer_UART_avr.o
                0x0000000000000cba                datastreamer_output

.text.check_for_aks_block
                0x0000000000000da6       0xda
 .text.check_for_aks_block
                0x0000000000000da6       0xda C:\Users\lpedroso\AppData\Local\Temp\ccDhWy9O.ltrans0.ltrans.o

.text.qtm_ptc_start_measurement_seq
                0x0000000000000e80       0xcc
 .text.qtm_ptc_start_measurement_seq
                0x0000000000000e80       0xcc C:\Users\lpedroso\AppData\Local\Temp\ccDhWy9O.ltrans0.ltrans.o
                0x0000000000000e80                qtm_ptc_start_measurement_seq

.text.qtm_calibrate_sensor_node
                0x0000000000000f4c       0x88
 .text.qtm_calibrate_sensor_node
                0x0000000000000f4c       0x88 C:\Users\lpedroso\AppData\Local\Temp\ccDhWy9O.ltrans0.ltrans.o
                0x0000000000000f4c                qtm_calibrate_sensor_node

.text.qtm_ptc_init_acquisition_module
                0x0000000000000fd4       0x70
 .text.qtm_ptc_init_acquisition_module
                0x0000000000000fd4       0x70 C:\Users\lpedroso\AppData\Local\Temp\ccDhWy9O.ltrans0.ltrans.o
                0x0000000000000fd4                qtm_ptc_init_acquisition_module

.text.touch_status_display
                0x0000000000001044       0x68
 .text.touch_status_display
                0x0000000000001044       0x68 examples/src/touch_example.o
                0x0000000000001044                touch_status_display

.text.select_next_channel_to_measure
                0x00000000000010ac       0x68
 .text.select_next_channel_to_measure
                0x00000000000010ac       0x68 C:\Users\lpedroso\AppData\Local\Temp\ccDhWy9O.ltrans0.ltrans.o

.text.touch_process
                0x0000000000001114       0x60
 .text.touch_process
                0x0000000000001114       0x60 qtouch/touch.o
                0x0000000000001114                touch_process

.text.touch_sensors_config
                0x0000000000001174       0x5e
 .text.touch_sensors_config
                0x0000000000001174       0x5e qtouch/touch.o

.text.qtm_t81x_ptc_handler_eoc
                0x00000000000011d2       0x58
 .text.qtm_t81x_ptc_handler_eoc
                0x00000000000011d2       0x58 C:\Users\lpedroso\AppData\Local\Temp\ccDhWy9O.ltrans0.ltrans.o
                0x00000000000011d2                qtm_t81x_ptc_handler_eoc

.text.__vector_6
                0x000000000000122a       0x4c
 .text.__vector_6
                0x000000000000122a       0x4c driver_isr.o
                0x000000000000122a                __vector_6

.text.__vector_17
                0x0000000000001276       0x46
 .text.__vector_17
                0x0000000000001276       0x46 qtouch/touch.o
                0x0000000000001276                __vector_17

.text.system_init
                0x00000000000012bc       0x44
 .text.system_init
                0x00000000000012bc       0x44 src/driver_init.o
                0x00000000000012bc                system_init

.text.qtm_enable_sensor_node
                0x0000000000001300       0x42
 .text.qtm_enable_sensor_node
                0x0000000000001300       0x42 C:\Users\lpedroso\AppData\Local\Temp\ccDhWy9O.ltrans0.ltrans.o
                0x0000000000001300                qtm_enable_sensor_node

.text.qtm_init_sensor_key
                0x0000000000001342       0x3e
 .text.qtm_init_sensor_key
                0x0000000000001342       0x3e C:\Users\lpedroso\AppData\Local\Temp\ccDhWy9O.ltrans0.ltrans.o
                0x0000000000001342                qtm_init_sensor_key

.text.touch_ptc_pin_config
                0x0000000000001380       0x38
 .text.touch_ptc_pin_config
                0x0000000000001380       0x38 qtouch/touch.o

.text.mcu_init  0x00000000000013b8       0x32
 .text.mcu_init
                0x00000000000013b8       0x32 src/driver_init.o
                0x00000000000013b8                mcu_init

.text.libgcc.prologue
                0x00000000000013ea       0x32
 .text.libgcc.prologue
                0x00000000000013ea       0x32 c:/program files/microchip/xc8/v2.31/avr/bin/../lib/gcc/avr/5.4.0/avrxmega3/short-calls\libgcc.a(_prologue.o)
                0x00000000000013ea                __prologue_saves__

.text.libgcc.prologue
                0x000000000000141c       0x30
 .text.libgcc.prologue
                0x000000000000141c       0x30 c:/program files/microchip/xc8/v2.31/avr/bin/../lib/gcc/avr/5.4.0/avrxmega3/short-calls\libgcc.a(_epilogue.o)
                0x000000000000141c                __epilogue_restores__

.text.touch_timer_handler
                0x000000000000144c       0x20
 .text.touch_timer_handler
                0x000000000000144c       0x20 qtouch/touch.o
                0x000000000000144c                touch_timer_handler

.text.USART_initialization
                0x000000000000146c       0x20
 .text.USART_initialization
                0x000000000000146c       0x20 src/driver_init.o
                0x000000000000146c                USART_initialization

.text.get_sensor_state
                0x000000000000148c       0x1e
 .text.get_sensor_state
                0x000000000000148c       0x1e qtouch/touch.o
                0x000000000000148c                get_sensor_state

.text.get_sensor_node_signal
                0x00000000000014aa       0x1a
 .text.get_sensor_node_signal
                0x00000000000014aa       0x1a qtouch/touch.o
                0x00000000000014aa                get_sensor_node_signal

.text.get_sensor_cc_val
                0x00000000000014c4       0x1a
 .text.get_sensor_cc_val
                0x00000000000014c4       0x1a qtouch/touch.o
                0x00000000000014c4                get_sensor_cc_val

.text.datastreamer_transmit
                0x00000000000014de       0x18
 .text.datastreamer_transmit
                0x00000000000014de       0x18 qtouch/datastreamer/datastreamer_UART_avr.o
                0x00000000000014de                datastreamer_transmit

.text.get_sensor_node_reference
                0x00000000000014f6       0x18
 .text.get_sensor_node_reference
                0x00000000000014f6       0x18 qtouch/touch.o
                0x00000000000014f6                get_sensor_node_reference

.text.Timer_init
                0x000000000000150e       0x18
 .text.Timer_init
                0x000000000000150e       0x18 src/rtc.o
                0x000000000000150e                Timer_init

.text.qtm_update_qtlib_timer
                0x0000000000001526       0x16
 .text.qtm_update_qtlib_timer
                0x0000000000001526       0x16 C:\Users\lpedroso\AppData\Local\Temp\ccDhWy9O.ltrans0.ltrans.o
                0x0000000000001526                qtm_update_qtlib_timer

.text.touch_example
                0x000000000000153c       0x14
 .text.touch_example
                0x000000000000153c       0x14 examples/src/touch_example.o
                0x000000000000153c                touch_example

.text.Timer_set_period
                0x0000000000001550       0x14
 .text.Timer_set_period
                0x0000000000001550       0x14 qtouch/touch.o
                0x0000000000001550                Timer_set_period

.text.USART_init
                0x0000000000001564       0x14
 .text.USART_init
                0x0000000000001564       0x14 src/usart_basic.o
                0x0000000000001564                USART_init

.text.USART_is_tx_busy
                0x0000000000001578       0x14
 .text.USART_is_tx_busy
                0x0000000000001578       0x14 src/usart_basic.o
                0x0000000000001578                USART_is_tx_busy

.text.qtm_ptc_qtlib_assign_signal_memory
                0x000000000000158c       0x14
 .text.qtm_ptc_qtlib_assign_signal_memory
                0x000000000000158c       0x14 C:\Users\lpedroso\AppData\Local\Temp\ccDhWy9O.ltrans0.ltrans.o
                0x000000000000158c                qtm_ptc_qtlib_assign_signal_memory

.text.CLKCTRL_init
                0x00000000000015a0        0xe
 .text.CLKCTRL_init
                0x00000000000015a0        0xe src/clkctrl.o
                0x00000000000015a0                CLKCTRL_init

.text.USART_write
                0x00000000000015ae        0xe
 .text.USART_write
                0x00000000000015ae        0xe src/usart_basic.o
                0x00000000000015ae                USART_write

.text.touch_init
                0x00000000000015bc        0xc
 .text.touch_init
                0x00000000000015bc        0xc qtouch/touch.o
                0x00000000000015bc                touch_init

.text.USART_is_tx_ready
                0x00000000000015c8        0xc
 .text.USART_is_tx_ready
                0x00000000000015c8        0xc src/usart_basic.o
                0x00000000000015c8                USART_is_tx_ready

.text.qtm_error_callback
                0x00000000000015d4        0xa
 .text.qtm_error_callback
                0x00000000000015d4        0xa qtouch/touch.o

.text.qtm_measure_complete_callback
                0x00000000000015de        0x8
 .text.qtm_measure_complete_callback
                0x00000000000015de        0x8 qtouch/touch.o

.text.protected_write_io
                0x00000000000015e6        0x8
 .text.protected_write_io
                0x00000000000015e6        0x8 src/protected_io.o
                0x00000000000015e6                protected_write_io

.text.atmel_start_init
                0x00000000000015ee        0x6
 .text.atmel_start_init
                0x00000000000015ee        0x6 atmel_start.o
                0x00000000000015ee                atmel_start_init

.text.main      0x00000000000015f4        0x6
 .text.main     0x00000000000015f4        0x6 main.o
                0x00000000000015f4                main

.text.CPUINT_init
                0x00000000000015fa        0x6
 .text.CPUINT_init
                0x00000000000015fa        0x6 src/cpuint.o
                0x00000000000015fa                CPUINT_init

.rodata.gain_setting_int_cap
                0x0000000000809600        0x6 load address 0x0000000000001600
 .rodata.gain_setting_int_cap
                0x0000000000809600        0x6 C:\Users\lpedroso\AppData\Local\Temp\ccDhWy9O.ltrans0.ltrans.o

.text.BOD_init  0x0000000000001606        0x4
 .text.BOD_init
                0x0000000000001606        0x4 src/bod.o
                0x0000000000001606                BOD_init

.text.SLPCTRL_init
                0x000000000000160a        0x4
 .text.SLPCTRL_init
                0x000000000000160a        0x4 src/slpctrl.o
                0x000000000000160a                SLPCTRL_init

.text           0x000000000000160e        0x2
 .text          0x000000000000160e        0x2 C:/Program Files (x86)/Atmel/Studio/7.0/Packs/Atmel/ATtiny_DFP/1.9.337/xc8/avr/lib/avrxmega3/short-calls/crtattiny814.o
                0x000000000000160e                __vector_22
                0x000000000000160e                __vector_1
                0x000000000000160e                __vector_24
                0x000000000000160e                __vector_12
                0x000000000000160e                __bad_interrupt
                0x000000000000160e                __vector_3
                0x000000000000160e                __vector_23
                0x000000000000160e                __vector_25
                0x000000000000160e                __vector_11
                0x000000000000160e                __vector_13
                0x000000000000160e                __vector_19
                0x000000000000160e                __vector_7
                0x000000000000160e                __vector_5
                0x000000000000160e                __vector_4
                0x000000000000160e                __vector_9
                0x000000000000160e                __vector_2
                0x000000000000160e                __vector_21
                0x000000000000160e                __vector_15
                0x000000000000160e                __vector_8
                0x000000000000160e                __vector_14
                0x000000000000160e                __vector_10
                0x000000000000160e                __vector_16
                0x000000000000160e                __vector_18
                0x000000000000160e                __vector_20

.text.datastreamer_init
                0x0000000000001610        0x2
 .text.datastreamer_init
                0x0000000000001610        0x2 qtouch/datastreamer/datastreamer_UART_avr.o
                0x0000000000001610                datastreamer_init

.data.data      0x0000000000803e2e       0x13 load address 0x0000000000001612
 .data.data     0x0000000000803e2e       0x13 qtouch/datastreamer/datastreamer_UART_avr.o
                0x0000000000803e2e                data

.data.ptc_seq_node_cfg1
                0x0000000000803e41       0x12 load address 0x0000000000001625
 .data.ptc_seq_node_cfg1
                0x0000000000803e41       0x12 qtouch/touch.o
                0x0000000000803e41                ptc_seq_node_cfg1

.data.qtlib_key_grp_config_set1
                0x0000000000803e53        0xa load address 0x0000000000001637
 .data.qtlib_key_grp_config_set1
                0x0000000000803e53        0xa qtouch/touch.o
                0x0000000000803e53                qtlib_key_grp_config_set1

.data.qtlib_key_configs_set1
                0x0000000000803e5d        0x9 load address 0x0000000000001641
 .data.qtlib_key_configs_set1
                0x0000000000803e5d        0x9 qtouch/touch.o
                0x0000000000803e5d                qtlib_key_configs_set1

.data.qtlib_key_set1
                0x0000000000803e66        0x8 load address 0x000000000000164a
 .data.qtlib_key_set1
                0x0000000000803e66        0x8 qtouch/touch.o
                0x0000000000803e66                qtlib_key_set1

.data.qtlib_acq_set1
                0x0000000000803e6e        0x6 load address 0x0000000000001652
 .data.qtlib_acq_set1
                0x0000000000803e6e        0x6 qtouch/touch.o
                0x0000000000803e6e                qtlib_acq_set1

.data.ptc_qtlib_acq_gen1
                0x0000000000803e74        0x5 load address 0x0000000000001658
 .data.ptc_qtlib_acq_gen1
                0x0000000000803e74        0x5 qtouch/touch.o
                0x0000000000803e74                ptc_qtlib_acq_gen1
